Keyword FUZZ defined, but not found in headers, method, URL or POST data.

        /'___\  /'___\           /'___\       
       /\ \__/ /\ \__/  __  __  /\ \__/       
       \ \ ,__\\ \ ,__\/\ \/\ \ \ \ ,__\      
        \ \ \_/ \ \ \_/\ \ \_\ \ \ \ \_/      
         \ \_\   \ \_\  \ \____/  \ \_\       
          \/_/    \/_/   \/___/    \/_/       

       v2.1.0-dev
________________________________________________

 :: Method           : POST
 :: URL              : http://154.57.164.65:31687/api/v1/authentication/customers/sign-in
 :: Wordlist         : EM: /home/kali/.grok/worktrees/projects-notes/notes/api/notes/inlanefreight-broken-auth/evidence/target-emails.txt
 :: Header           : Content-Type: application/json
 :: Data             : {"Email":"EM","Password":"PW"}
 :: Output file      : /home/kali/.grok/worktrees/projects-notes/notes/api/notes/inlanefreight-broken-auth/evidence/ffuf-bruteforce.json
 :: File format      : json
 :: Follow redirects : false
 :: Calibration      : false
 :: Timeout          : 10
 :: Threads          : 100
 :: Matcher          : Response status: 200-299,301,302,307,401,403,405,500
 :: Filter           : Regexp: Invalid Credentials
________________________________________________

[2K:: Progress: [4/4] :: Job [1/1] :: 0 req/sec :: Duration: [0:00:00] :: Errors: 0 ::[2K:: Progress: [4/4] :: Job [1/1] :: 0 req/sec :: Duration: [0:00:00] :: Errors: 0 ::
